5.740260e+02
4.988275e+02
4.629802e+02
4.339519e+02
4.104296e+02
3.804291e+02
3.328399e+02
3.159109e+02
3.019558e+02
2.838958e+02
2.710550e+02
2.678293e+02
2.412948e+02
2.398028e+02
2.302150e+02
2.247223e+02
2.137444e+02
2.088927e+02
2.032625e+02
1.980165e+02
1.937510e+02
1.856016e+02
1.825384e+02
1.804225e+02
1.752722e+02
1.702572e+02
1.662400e+02
1.636600e+02
1.605262e+02
1.547399e+02
1.504324e+02
1.480131e+02
1.453798e+02
1.399381e+02
1.386354e+02
1.353268e+02
1.334613e+02
1.305736e+02
1.281484e+02
1.273218e+02
1.248566e+02
1.206559e+02
1.207890e+02
1.156702e+02
1.138769e+02
1.122641e+02
1.110679e+02
1.091983e+02
1.077419e+02
1.051533e+02
